[0m23:49:14.433816 [debug] [MainThread]: Sending event: {'category': 'dbt', 'action': 'invocation', 'label': 'start', 'context': [<snowplow_tracker.self_describing_json.SelfDescribingJson object at 0x000001A4D5781250>, <snowplow_tracker.self_describing_json.SelfDescribingJson object at 0x000001A4D58EA850>, <snowplow_tracker.self_describing_json.SelfDescribingJson object at 0x000001A4D58EA090>]}


============================== 23:49:14.434454 | 8d5ca0e7-bae0-48fe-aaa6-dc129a27673d ==============================
[0m23:49:14.434454 [info ] [MainThread]: Running with dbt=1.12.0
[0m23:49:14.445497 [debug] [MainThread]: running dbt with arguments {'static_parser': 'True', 'no_print': 'None', 'version_check': 'True', 'warn_error_options': 'WarnErrorOptionsV2(error=[], warn=[], silence=[])', 'maximum_seed_size_mib': '1', 'target_path': 'None', 'printer_width': '80', 'write_json': 'True', 'empty': 'None', 'log_cache_events': 'False', 'introspect': 'True', 'cache_selected_only': 'False', 'fail_fast': 'False', 'debug': 'False', 'log_format': 'default', 'profiles_dir': 'C:\\Users\\karti\\.dbt', 'send_anonymous_usage_stats': 'True', 'quiet': 'False', 'warn_error': 'None', 'partial_parse': 'True', 'invocation_command': 'dbt init zomato', 'hints_enabled': 'True', 'use_colors': 'True', 'use_experimental_parser': 'False', 'indirect_selection': 'eager', 'log_path': 'logs'}
[0m23:49:14.505386 [debug] [MainThread]: Starter project path: C:\Users\karti\AppData\Local\Programs\Python\Python311\Lib\site-packages\dbt\include\starter_project
[0m23:49:14.631403 [info ] [MainThread]: Setting up your profile.
[0m23:49:22.877016 [debug] [MainThread]: Snowflake adapter: Setting snowflake.connector to ERROR (file logging only)
[0m23:49:22.877016 [debug] [MainThread]: Snowflake adapter: Setting botocore to ERROR (file logging only)
[0m23:49:22.877016 [debug] [MainThread]: Snowflake adapter: Setting boto3 to ERROR (file logging only)
[0m23:53:33.199206 [info ] [MainThread]: Profile zomato written to C:\Users\karti\.dbt\profiles.yml using target's profile_template.yml and your supplied values.
[0m23:53:33.347629 [info ] [MainThread]: Running dbt debug to validate the project...
[0m23:53:33.369463 [info ] [MainThread]: dbt version: 1.12.0
[0m23:53:33.371260 [info ] [MainThread]: python version: 3.11.9
[0m23:53:33.371260 [info ] [MainThread]: python path: C:\Users\karti\AppData\Local\Programs\Python\Python311\python.exe
[0m23:53:33.371260 [info ] [MainThread]: os info: Windows-10-10.0.26200-SP0
[0m23:53:33.867098 [info ] [MainThread]: Using profiles dir at C:\Users\karti\.dbt
[0m23:53:33.867098 [info ] [MainThread]: Using profiles.yml file at C:\Users\karti\.dbt\profiles.yml
[0m23:53:33.874641 [info ] [MainThread]: Using dbt_project.yml file at C:\Projects\Zomato ai data pipeline\zomato\dbt_project.yml
[0m23:53:33.876689 [info ] [MainThread]: adapter type: snowflake
[0m23:53:33.876689 [info ] [MainThread]: adapter version: 1.12.0
[0m23:53:34.126957 [info ] [MainThread]: Configuration:
[0m23:53:34.136827 [info ] [MainThread]:   profiles.yml file [[32mOK found and valid[0m]
[0m23:53:34.136827 [info ] [MainThread]:   dbt_project.yml file [[32mOK found and valid[0m]
[0m23:53:34.136827 [info ] [MainThread]: Required dependencies:
[0m23:53:34.136827 [debug] [MainThread]: Executing "git --help"
[0m23:53:34.200555 [debug] [MainThread]: STDOUT: "b"usage: git [-v | --version] [-h | --help] [-C <path>] [-c <name>=<value>]\n           [--exec-path[=<path>]] [--html-path] [--man-path] [--info-path]\n           [-p | --paginate | -P | --no-pager] [--no-replace-objects] [--no-lazy-fetch]\n           [--no-optional-locks] [--no-advice] [--bare] [--git-dir=<path>]\n           [--work-tree=<path>] [--namespace=<name>] [--config-env=<name>=<envvar>]\n           <command> [<args>]\n\nThese are common Git commands used in various situations:\n\nstart a working area (see also: git help tutorial)\n   clone      Clone a repository into a new directory\n   init       Create an empty Git repository or reinitialize an existing one\n\nwork on the current change (see also: git help everyday)\n   add        Add file contents to the index\n   mv         Move or rename a file, a directory, or a symlink\n   restore    Restore working tree files\n   rm         Remove files from the working tree and from the index\n\nexamine the history and state (see also: git help revisions)\n   bisect     Use binary search to find the commit that introduced a bug\n   diff       Show changes between commits, commit and working tree, etc\n   grep       Print lines matching a pattern\n   log        Show commit logs\n   show       Show various types of objects\n   status     Show the working tree status\n\ngrow, mark and tweak your common history\n   backfill   Download missing objects in a partial clone\n   branch     List, create, or delete branches\n   commit     Record changes to the repository\n   history    EXPERIMENTAL: Rewrite history\n   merge      Join two or more development histories together\n   rebase     Reapply commits on top of another base tip\n   reset      Set `HEAD` or the index to a known state\n   switch     Switch branches\n   tag        Create, list, delete or verify tags\n\ncollaborate (see also: git help workflows)\n   fetch      Download objects and refs from another repository\n   pull       Fetch from and integrate with another repository or a local branch\n   push       Update remote refs along with associated objects\n\n'git help -a' and 'git help -g' list available subcommands and some\nconcept guides. See 'git help <command>' or 'git help <concept>'\nto read about a specific subcommand or concept.\nSee 'git help git' for an overview of the system.\n""
[0m23:53:34.200555 [debug] [MainThread]: STDERR: "b''"
[0m23:53:34.207011 [info ] [MainThread]:  - git [[32mOK found[0m]

[0m23:53:34.208761 [info ] [MainThread]: Connection:
[0m23:53:34.208761 [info ] [MainThread]:   account: WZVHYBF-RU93739
[0m23:53:34.208761 [info ] [MainThread]:   user: ANUJCHANDERIAJOB
[0m23:53:34.208761 [info ] [MainThread]:   database: ZOMATO_WH
[0m23:53:34.208761 [info ] [MainThread]:   warehouse: ZOMATO_WH
[0m23:53:34.213630 [info ] [MainThread]:   role: DBT_ROLE
[0m23:53:34.213630 [info ] [MainThread]:   schema: STAGING
[0m23:53:34.217021 [info ] [MainThread]:   authenticator: None
[0m23:53:34.217021 [info ] [MainThread]:   oauth_client_id: None
[0m23:53:34.217021 [info ] [MainThread]:   query_tag: None
[0m23:53:34.217021 [info ] [MainThread]:   client_session_keep_alive: False
[0m23:53:34.217021 [info ] [MainThread]:   host: None
[0m23:53:34.217021 [info ] [MainThread]:   port: None
[0m23:53:34.217021 [info ] [MainThread]:   proxy_host: None
[0m23:53:34.217021 [info ] [MainThread]:   proxy_port: None
[0m23:53:34.224516 [info ] [MainThread]:   protocol: None
[0m23:53:34.224516 [info ] [MainThread]:   connect_retries: 1
[0m23:53:34.224516 [info ] [MainThread]:   connect_timeout: None
[0m23:53:34.227029 [info ] [MainThread]:   retry_on_database_errors: False
[0m23:53:34.227029 [info ] [MainThread]:   retry_all: False
[0m23:53:34.230110 [info ] [MainThread]:   insecure_mode: False
[0m23:53:34.231208 [info ] [MainThread]:   reuse_connections: True
[0m23:53:34.231941 [info ] [MainThread]:   s3_stage_vpce_dns_name: None
[0m23:53:34.232997 [info ] [MainThread]:   workload_identity_provider: None
[0m23:53:34.234440 [info ] [MainThread]:   workload_identity_entra_resource: None
[0m23:53:34.236958 [info ] [MainThread]:   platform_detection_timeout_seconds: 0.0
[0m23:53:34.241034 [info ] [MainThread]: Registered adapter: snowflake=1.12.0
[0m23:53:36.117677 [debug] [MainThread]: Acquiring new snowflake connection 'debug'
[0m23:53:36.165132 [debug] [MainThread]: Using snowflake connection "debug"
[0m23:53:36.165132 [debug] [MainThread]: On debug: select 1 as id
[0m23:53:36.165132 [debug] [MainThread]: Opening a new connection, currently in state init
[0m23:53:38.343498 [debug] [MainThread]: Snowflake adapter: Error running SQL: select 1 as id
[0m23:53:38.343498 [debug] [MainThread]: Snowflake adapter: Rolling back transaction.
[0m23:53:38.343498 [info ] [MainThread]:   Connection test: [[31mERROR[0m]

[0m23:53:38.343498 [info ] [MainThread]: [31m1 check failed:[0m
[0m23:53:38.343498 [info ] [MainThread]: dbt was unable to connect to the specified database.
The database returned the following error:

  >Database Error
  390100 (28000): Failed to connect to DB: WZVHYBF-RU93739.snowflakecomputing.com:443. Incorrect username or password was specified. [699e6b4d-bec4-4567-a7bb-83dbc6c29104]

Check your database credentials and try again. For more information, visit:
https://docs.getdbt.com/docs/configure-your-profile


[0m23:53:38.343498 [info ] [MainThread]: Your new dbt project "zomato" was created!
Initialized new project in C:\Projects\Zomato ai data pipeline\zomato\zomato

For more information on how to configure the profiles.yml file,
please consult the dbt documentation here:

  https://docs.getdbt.com/docs/configure-your-profile

One more thing:

Need help? Don't hesitate to reach out to us via GitHub issues or on Slack:

  https://community.getdbt.com/

Happy modeling!

[0m23:53:38.343498 [info ] [MainThread]: [31mYour profile may need adjustments. You can find the logs of `dbt debug` above[0m
[0m23:53:38.368998 [debug] [MainThread]: Command `dbt init` succeeded at 23:53:38.366294 after 264.12 seconds
[0m23:53:38.373019 [debug] [MainThread]: Connection 'debug' was left open.
[0m23:53:38.373019 [debug] [MainThread]: On debug: No close available on handle
[0m23:53:38.377918 [debug] [MainThread]: Sending event: {'category': 'dbt', 'action': 'invocation', 'label': 'end', 'context': [<snowplow_tracker.self_describing_json.SelfDescribingJson object at 0x000001A4EEA12C90>, <snowplow_tracker.self_describing_json.SelfDescribingJson object at 0x000001A4D57760D0>, <snowplow_tracker.self_describing_json.SelfDescribingJson object at 0x000001A4D5824190>]}
[0m23:53:38.381114 [debug] [MainThread]: Flushing usage events
[0m23:53:39.963991 [debug] [MainThread]: An error was encountered while trying to flush usage events
